[AH KH QH JH TH, AH KH QH JH TH] => tie 
[AH KH QH JH TH, 2H 3H 4H 5H 6H] => player1 wins - high card:A 
[AH KH QH JH TH, 3H 4H 5H 6H 7H] => player1 wins - high card:A 
[AH KH QH JH TH, AS AD AH AC KH] => player1 wins - StraightFlush 
[AH KH QH JH TH, 2S 2D 2H 2C 3H] => player1 wins - StraightFlush 
[AH KH QH JH TH, AS AD AH KC KH] => player1 wins - StraightFlush 
[AH KH QH JH TH, 2S 2D 2H 3C 3H] => player1 wins - StraightFlush 
[AH KH QH JH TH, AH KH QH JH 9H] => player1 wins - StraightFlush 
[AH KH QH JH TH, 2H 3H 4H 5H 7H] => player1 wins - StraightFlush 
[AH KH QH JH TH, AS KH QC JH TS] => player1 wins - StraightFlush 
[AH KH QH JH TH, 2S 3H 4C 5H 6S] => player1 wins - StraightFlush 
[AH KH QH JH TH, 3S 4H 5C 6H 7S] => player1 wins - StraightFlush 
[AH KH QH JH TH, AS AH AC KD QH] => player1 wins - StraightFlush 
[AH KH QH JH TH, 2S 2H 2C 3D 4H] => player1 wins - StraightFlush 
[AH KH QH JH TH, AS AH KS KH QS] => player1 wins - StraightFlush 
[AH KH QH JH TH, 2S 2H 3S 3H 4S] => player1 wins - StraightFlush 
[AH KH QH JH TH, 2S 2H 3S 3H 5S] => player1 wins - StraightFlush 
[AH KH QH JH TH, AS AH KS QH JS] => player1 wins - StraightFlush 
[AH KH QH JH TH, AS AH KS QH TS] => player1 wins - StraightFlush 
[AH KH QH JH TH, 2S 2H 3S 4H 5S] => player1 wins - StraightFlush 
[AH KH QH JH TH, AS KH QS JH 9S] => player1 wins - StraightFlush 
[AH KH QH JH TH, 2S 3H 4S 5H 7S] => player1 wins - StraightFlush 
[2H 3H 4H 5H 6H, AH KH QH JH TH] => player2 wins - high card:A 
[2H 3H 4H 5H 6H, 2H 3H 4H 5H 6H] => tie 
[2H 3H 4H 5H 6H, 3H 4H 5H 6H 7H] => player2 wins - high card:7 
[2H 3H 4H 5H 6H, AS AD AH AC KH] => player1 wins - StraightFlush 
[2H 3H 4H 5H 6H, 2S 2D 2H 2C 3H] => player1 wins - StraightFlush 
[2H 3H 4H 5H 6H, AS AD AH KC KH] => player1 wins - StraightFlush 
[2H 3H 4H 5H 6H, 2S 2D 2H 3C 3H] => player1 wins - StraightFlush 
[2H 3H 4H 5H 6H, AH KH QH JH 9H] => player1 wins - StraightFlush 
[2H 3H 4H 5H 6H, 2H 3H 4H 5H 7H] => player1 wins - StraightFlush 
[2H 3H 4H 5H 6H, AS KH QC JH TS] => player1 wins - StraightFlush 
[2H 3H 4H 5H 6H, 2S 3H 4C 5H 6S] => player1 wins - StraightFlush 
[2H 3H 4H 5H 6H, 3S 4H 5C 6H 7S] => player1 wins - StraightFlush 
[2H 3H 4H 5H 6H, AS AH AC KD QH] => player1 wins - StraightFlush 
[2H 3H 4H 5H 6H, 2S 2H 2C 3D 4H] => player1 wins - StraightFlush 
[2H 3H 4H 5H 6H, AS AH KS KH QS] => player1 wins - StraightFlush 
[2H 3H 4H 5H 6H, 2S 2H 3S 3H 4S] => player1 wins - StraightFlush 
[2H 3H 4H 5H 6H, 2S 2H 3S 3H 5S] => player1 wins - StraightFlush 
[2H 3H 4H 5H 6H, AS AH KS QH JS] => player1 wins - StraightFlush 
[2H 3H 4H 5H 6H, AS AH KS QH TS] => player1 wins - StraightFlush 
[2H 3H 4H 5H 6H, 2S 2H 3S 4H 5S] => player1 wins - StraightFlush 
[2H 3H 4H 5H 6H, AS KH QS JH 9S] => player1 wins - StraightFlush 
[2H 3H 4H 5H 6H, 2S 3H 4S 5H 7S] => player1 wins - StraightFlush 
[3H 4H 5H 6H 7H, AH KH QH JH TH] => player2 wins - high card:A 
[3H 4H 5H 6H 7H, 2H 3H 4H 5H 6H] => player1 wins - high card:7 
[3H 4H 5H 6H 7H, 3H 4H 5H 6H 7H] => tie 
[3H 4H 5H 6H 7H, AS AD AH AC KH] => player1 wins - StraightFlush 
[3H 4H 5H 6H 7H, 2S 2D 2H 2C 3H] => player1 wins - StraightFlush 
[3H 4H 5H 6H 7H, AS AD AH KC KH] => player1 wins - StraightFlush 
[3H 4H 5H 6H 7H, 2S 2D 2H 3C 3H] => player1 wins - StraightFlush 
[3H 4H 5H 6H 7H, AH KH QH JH 9H] => player1 wins - StraightFlush 
[3H 4H 5H 6H 7H, 2H 3H 4H 5H 7H] => player1 wins - StraightFlush 
[3H 4H 5H 6H 7H, AS KH QC JH TS] => player1 wins - StraightFlush 
[3H 4H 5H 6H 7H, 2S 3H 4C 5H 6S] => player1 wins - StraightFlush 
[3H 4H 5H 6H 7H, 3S 4H 5C 6H 7S] => player1 wins - StraightFlush 
[3H 4H 5H 6H 7H, AS AH AC KD QH] => player1 wins - StraightFlush 
[3H 4H 5H 6H 7H, 2S 2H 2C 3D 4H] => player1 wins - StraightFlush 
[3H 4H 5H 6H 7H, AS AH KS KH QS] => player1 wins - StraightFlush 
[3H 4H 5H 6H 7H, 2S 2H 3S 3H 4S] => player1 wins - StraightFlush 
[3H 4H 5H 6H 7H, 2S 2H 3S 3H 5S] => player1 wins - StraightFlush 
[3H 4H 5H 6H 7H, AS AH KS QH JS] => player1 wins - StraightFlush 
[3H 4H 5H 6H 7H, AS AH KS QH TS] => player1 wins - StraightFlush 
[3H 4H 5H 6H 7H, 2S 2H 3S 4H 5S] => player1 wins - StraightFlush 
[3H 4H 5H 6H 7H, AS KH QS JH 9S] => player1 wins - StraightFlush 
[3H 4H 5H 6H 7H, 2S 3H 4S 5H 7S] => player1 wins - StraightFlush 
[AS AD AH AC KH, AH KH QH JH TH] => player2 wins - StraightFlush 
[AS AD AH AC KH, 2H 3H 4H 5H 6H] => player2 wins - StraightFlush 
[AS AD AH AC KH, 3H 4H 5H 6H 7H] => player2 wins - StraightFlush 
[AS AD AH AC KH, AS AD AH AC KH] => player1 wins - high card:A 
[AS AD AH AC KH, 2S 2D 2H 2C 3H] => player1 wins - high card:A 
[AS AD AH AC KH, AS AD AH KC KH] => player1 wins - FourOfAKind 
[AS AD AH AC KH, 2S 2D 2H 3C 3H] => player1 wins - FourOfAKind 
[AS AD AH AC KH, AH KH QH JH 9H] => player1 wins - FourOfAKind 
[AS AD AH AC KH, 2H 3H 4H 5H 7H] => player1 wins - FourOfAKind 
[AS AD AH AC KH, AS KH QC JH TS] => player1 wins - FourOfAKind 
[AS AD AH AC KH, 2S 3H 4C 5H 6S] => player1 wins - FourOfAKind 
[AS AD AH AC KH, 3S 4H 5C 6H 7S] => player1 wins - FourOfAKind 
[AS AD AH AC KH, AS AH AC KD QH] => player1 wins - FourOfAKind 
[AS AD AH AC KH, 2S 2H 2C 3D 4H] => player1 wins - FourOfAKind 
[AS AD AH AC KH, AS AH KS KH QS] => player1 wins - FourOfAKind 
[AS AD AH AC KH, 2S 2H 3S 3H 4S] => player1 wins - FourOfAKind 
[AS AD AH AC KH, 2S 2H 3S 3H 5S] => player1 wins - FourOfAKind 
[AS AD AH AC KH, AS AH KS QH JS] => player1 wins - FourOfAKind 
[AS AD AH AC KH, AS AH KS QH TS] => player1 wins - FourOfAKind 
[AS AD AH AC KH, 2S 2H 3S 4H 5S] => player1 wins - FourOfAKind 
[AS AD AH AC KH, AS KH QS JH 9S] => player1 wins - FourOfAKind 
[AS AD AH AC KH, 2S 3H 4S 5H 7S] => player1 wins - FourOfAKind 
[2S 2D 2H 2C 3H, AH KH QH JH TH] => player2 wins - StraightFlush 
[2S 2D 2H 2C 3H, 2H 3H 4H 5H 6H] => player2 wins - StraightFlush 
[2S 2D 2H 2C 3H, 3H 4H 5H 6H 7H] => player2 wins - StraightFlush 
[2S 2D 2H 2C 3H, AS AD AH AC KH] => player2 wins - high card:A 
[2S 2D 2H 2C 3H, 2S 2D 2H 2C 3H] => player1 wins - high card:2 
[2S 2D 2H 2C 3H, AS AD AH KC KH] => player1 wins - FourOfAKind 
[2S 2D 2H 2C 3H, 2S 2D 2H 3C 3H] => player1 wins - FourOfAKind 
[2S 2D 2H 2C 3H, AH KH QH JH 9H] => player1 wins - FourOfAKind 
[2S 2D 2H 2C 3H, 2H 3H 4H 5H 7H] => player1 wins - FourOfAKind 
[2S 2D 2H 2C 3H, AS KH QC JH TS] => player1 wins - FourOfAKind 
[2S 2D 2H 2C 3H, 2S 3H 4C 5H 6S] => player1 wins - FourOfAKind 
[2S 2D 2H 2C 3H, 3S 4H 5C 6H 7S] => player1 wins - FourOfAKind 
[2S 2D 2H 2C 3H, AS AH AC KD QH] => player1 wins - FourOfAKind 
[2S 2D 2H 2C 3H, 2S 2H 2C 3D 4H] => player1 wins - FourOfAKind 
[2S 2D 2H 2C 3H, AS AH KS KH QS] => player1 wins - FourOfAKind 
[2S 2D 2H 2C 3H, 2S 2H 3S 3H 4S] => player1 wins - FourOfAKind 
[2S 2D 2H 2C 3H, 2S 2H 3S 3H 5S] => player1 wins - FourOfAKind 
[2S 2D 2H 2C 3H, AS AH KS QH JS] => player1 wins - FourOfAKind 
[2S 2D 2H 2C 3H, AS AH KS QH TS] => player1 wins - FourOfAKind 
[2S 2D 2H 2C 3H, 2S 2H 3S 4H 5S] => player1 wins - FourOfAKind 
[2S 2D 2H 2C 3H, AS KH QS JH 9S] => player1 wins - FourOfAKind 
[2S 2D 2H 2C 3H, 2S 3H 4S 5H 7S] => player1 wins - FourOfAKind 
[AS AD AH KC KH, AH KH QH JH TH] => player2 wins - StraightFlush 
[AS AD AH KC KH, 2H 3H 4H 5H 6H] => player2 wins - StraightFlush 
[AS AD AH KC KH, 3H 4H 5H 6H 7H] => player2 wins - StraightFlush 
[AS AD AH KC KH, AS AD AH AC KH] => player2 wins - FourOfAKind 
[AS AD AH KC KH, 2S 2D 2H 2C 3H] => player2 wins - FourOfAKind 
[AS AD AH KC KH, AS AD AH KC KH] => player1 wins - high card:A 
[AS AD AH KC KH, 2S 2D 2H 3C 3H] => player1 wins - high card:A 
[AS AD AH KC KH, AH KH QH JH 9H] => player1 wins - FullHouse 
[AS AD AH KC KH, 2H 3H 4H 5H 7H] => player1 wins - FullHouse 
[AS AD AH KC KH, AS KH QC JH TS] => player1 wins - FullHouse 
[AS AD AH KC KH, 2S 3H 4C 5H 6S] => player1 wins - FullHouse 
[AS AD AH KC KH, 3S 4H 5C 6H 7S] => player1 wins - FullHouse 
[AS AD AH KC KH, AS AH AC KD QH] => player1 wins - FullHouse 
[AS AD AH KC KH, 2S 2H 2C 3D 4H] => player1 wins - FullHouse 
[AS AD AH KC KH, AS AH KS KH QS] => player1 wins - FullHouse 
[AS AD AH KC KH, 2S 2H 3S 3H 4S] => player1 wins - FullHouse 
[AS AD AH KC KH, 2S 2H 3S 3H 5S] => player1 wins - FullHouse 
[AS AD AH KC KH, AS AH KS QH JS] => player1 wins - FullHouse 
[AS AD AH KC KH, AS AH KS QH TS] => player1 wins - FullHouse 
[AS AD AH KC KH, 2S 2H 3S 4H 5S] => player1 wins - FullHouse 
[AS AD AH KC KH, AS KH QS JH 9S] => player1 wins - FullHouse 
[AS AD AH KC KH, 2S 3H 4S 5H 7S] => player1 wins - FullHouse 
[2S 2D 2H 3C 3H, AH KH QH JH TH] => player2 wins - StraightFlush 
[2S 2D 2H 3C 3H, 2H 3H 4H 5H 6H] => player2 wins - StraightFlush 
[2S 2D 2H 3C 3H, 3H 4H 5H 6H 7H] => player2 wins - StraightFlush 
[2S 2D 2H 3C 3H, AS AD AH AC KH] => player2 wins - FourOfAKind 
[2S 2D 2H 3C 3H, 2S 2D 2H 2C 3H] => player2 wins - FourOfAKind 
[2S 2D 2H 3C 3H, AS AD AH KC KH] => player2 wins - high card:A 
[2S 2D 2H 3C 3H, 2S 2D 2H 3C 3H] => player1 wins - high card:2 
[2S 2D 2H 3C 3H, AH KH QH JH 9H] => player1 wins - FullHouse 
[2S 2D 2H 3C 3H, 2H 3H 4H 5H 7H] => player1 wins - FullHouse 
[2S 2D 2H 3C 3H, AS KH QC JH TS] => player1 wins - FullHouse 
[2S 2D 2H 3C 3H, 2S 3H 4C 5H 6S] => player1 wins - FullHouse 
[2S 2D 2H 3C 3H, 3S 4H 5C 6H 7S] => player1 wins - FullHouse 
[2S 2D 2H 3C 3H, AS AH AC KD QH] => player1 wins - FullHouse 
[2S 2D 2H 3C 3H, 2S 2H 2C 3D 4H] => player1 wins - FullHouse 
[2S 2D 2H 3C 3H, AS AH KS KH QS] => player1 wins - FullHouse 
[2S 2D 2H 3C 3H, 2S 2H 3S 3H 4S] => player1 wins - FullHouse 
[2S 2D 2H 3C 3H, 2S 2H 3S 3H 5S] => player1 wins - FullHouse 
[2S 2D 2H 3C 3H, AS AH KS QH JS] => player1 wins - FullHouse 
[2S 2D 2H 3C 3H, AS AH KS QH TS] => player1 wins - FullHouse 
[2S 2D 2H 3C 3H, 2S 2H 3S 4H 5S] => player1 wins - FullHouse 
[2S 2D 2H 3C 3H, AS KH QS JH 9S] => player1 wins - FullHouse 
[2S 2D 2H 3C 3H, 2S 3H 4S 5H 7S] => player1 wins - FullHouse 
[AH KH QH JH 9H, AH KH QH JH TH] => player2 wins - StraightFlush 
[AH KH QH JH 9H, 2H 3H 4H 5H 6H] => player2 wins - StraightFlush 
[AH KH QH JH 9H, 3H 4H 5H 6H 7H] => player2 wins - StraightFlush 
[AH KH QH JH 9H, AS AD AH AC KH] => player2 wins - FourOfAKind 
[AH KH QH JH 9H, 2S 2D 2H 2C 3H] => player2 wins - FourOfAKind 
[AH KH QH JH 9H, AS AD AH KC KH] => player2 wins - FullHouse 
[AH KH QH JH 9H, 2S 2D 2H 3C 3H] => player2 wins - FullHouse 
[AH KH QH JH 9H, AH KH QH JH 9H] => tie 
[AH KH QH JH 9H, 2H 3H 4H 5H 7H] => player1 wins - high card:A 
[AH KH QH JH 9H, AS KH QC JH TS] => player1 wins - Flush 
[AH KH QH JH 9H, 2S 3H 4C 5H 6S] => player1 wins - Flush 
[AH KH QH JH 9H, 3S 4H 5C 6H 7S] => player1 wins - Flush 
[AH KH QH JH 9H, AS AH AC KD QH] => player1 wins - Flush 
[AH KH QH JH 9H, 2S 2H 2C 3D 4H] => player1 wins - Flush 
[AH KH QH JH 9H, AS AH KS KH QS] => player1 wins - Flush 
[AH KH QH JH 9H, 2S 2H 3S 3H 4S] => player1 wins - Flush 
[AH KH QH JH 9H, 2S 2H 3S 3H 5S] => player1 wins - Flush 
[AH KH QH JH 9H, AS AH KS QH JS] => player1 wins - Flush 
[AH KH QH JH 9H, AS AH KS QH TS] => player1 wins - Flush 
[AH KH QH JH 9H, 2S 2H 3S 4H 5S] => player1 wins - Flush 
[AH KH QH JH 9H, AS KH QS JH 9S] => player1 wins - Flush 
[AH KH QH JH 9H, 2S 3H 4S 5H 7S] => player1 wins - Flush 
[2H 3H 4H 5H 7H, AH KH QH JH TH] => player2 wins - StraightFlush 
[2H 3H 4H 5H 7H, 2H 3H 4H 5H 6H] => player2 wins - StraightFlush 
[2H 3H 4H 5H 7H, 3H 4H 5H 6H 7H] => player2 wins - StraightFlush 
[2H 3H 4H 5H 7H, AS AD AH AC KH] => player2 wins - FourOfAKind 
[2H 3H 4H 5H 7H, 2S 2D 2H 2C 3H] => player2 wins - FourOfAKind 
[2H 3H 4H 5H 7H, AS AD AH KC KH] => player2 wins - FullHouse 
[2H 3H 4H 5H 7H, 2S 2D 2H 3C 3H] => player2 wins - FullHouse 
[2H 3H 4H 5H 7H, AH KH QH JH 9H] => player2 wins - high card:A 
[2H 3H 4H 5H 7H, 2H 3H 4H 5H 7H] => tie 
[2H 3H 4H 5H 7H, AS KH QC JH TS] => player1 wins - Flush 
[2H 3H 4H 5H 7H, 2S 3H 4C 5H 6S] => player1 wins - Flush 
[2H 3H 4H 5H 7H, 3S 4H 5C 6H 7S] => player1 wins - Flush 
[2H 3H 4H 5H 7H, AS AH AC KD QH] => player1 wins - Flush 
[2H 3H 4H 5H 7H, 2S 2H 2C 3D 4H] => player1 wins - Flush 
[2H 3H 4H 5H 7H, AS AH KS KH QS] => player1 wins - Flush 
[2H 3H 4H 5H 7H, 2S 2H 3S 3H 4S] => player1 wins - Flush 
[2H 3H 4H 5H 7H, 2S 2H 3S 3H 5S] => player1 wins - Flush 
[2H 3H 4H 5H 7H, AS AH KS QH JS] => player1 wins - Flush 
[2H 3H 4H 5H 7H, AS AH KS QH TS] => player1 wins - Flush 
[2H 3H 4H 5H 7H, 2S 2H 3S 4H 5S] => player1 wins - Flush 
[2H 3H 4H 5H 7H, AS KH QS JH 9S] => player1 wins - Flush 
[2H 3H 4H 5H 7H, 2S 3H 4S 5H 7S] => player1 wins - Flush 
[AS KH QC JH TS, AH KH QH JH TH] => player2 wins - StraightFlush 
[AS KH QC JH TS, 2H 3H 4H 5H 6H] => player2 wins - StraightFlush 
[AS KH QC JH TS, 3H 4H 5H 6H 7H] => player2 wins - StraightFlush 
[AS KH QC JH TS, AS AD AH AC KH] => player2 wins - FourOfAKind 
[AS KH QC JH TS, 2S 2D 2H 2C 3H] => player2 wins - FourOfAKind 
[AS KH QC JH TS, AS AD AH KC KH] => player2 wins - FullHouse 
[AS KH QC JH TS, 2S 2D 2H 3C 3H] => player2 wins - FullHouse 
[AS KH QC JH TS, AH KH QH JH 9H] => player2 wins - Flush 
[AS KH QC JH TS, 2H 3H 4H 5H 7H] => player2 wins - Flush 
[AS KH QC JH TS, AS KH QC JH TS] => tie 
[AS KH QC JH TS, 2S 3H 4C 5H 6S] => player1 wins - high card:A 
[AS KH QC JH TS, 3S 4H 5C 6H 7S] => player1 wins - high card:A 
[AS KH QC JH TS, AS AH AC KD QH] => player1 wins - Straight 
[AS KH QC JH TS, 2S 2H 2C 3D 4H] => player1 wins - Straight 
[AS KH QC JH TS, AS AH KS KH QS] => player1 wins - Straight 
[AS KH QC JH TS, 2S 2H 3S 3H 4S] => player1 wins - Straight 
[AS KH QC JH TS, 2S 2H 3S 3H 5S] => player1 wins - Straight 
[AS KH QC JH TS, AS AH KS QH JS] => player1 wins - Straight 
[AS KH QC JH TS, AS AH KS QH TS] => player1 wins - Straight 
[AS KH QC JH TS, 2S 2H 3S 4H 5S] => player1 wins - Straight 
[AS KH QC JH TS, AS KH QS JH 9S] => player1 wins - Straight 
[AS KH QC JH TS, 2S 3H 4S 5H 7S] => player1 wins - Straight 
[2S 3H 4C 5H 6S, AH KH QH JH TH] => player2 wins - StraightFlush 
[2S 3H 4C 5H 6S, 2H 3H 4H 5H 6H] => player2 wins - StraightFlush 
[2S 3H 4C 5H 6S, 3H 4H 5H 6H 7H] => player2 wins - StraightFlush 
[2S 3H 4C 5H 6S, AS AD AH AC KH] => player2 wins - FourOfAKind 
[2S 3H 4C 5H 6S, 2S 2D 2H 2C 3H] => player2 wins - FourOfAKind 
[2S 3H 4C 5H 6S, AS AD AH KC KH] => player2 wins - FullHouse 
[2S 3H 4C 5H 6S, 2S 2D 2H 3C 3H] => player2 wins - FullHouse 
[2S 3H 4C 5H 6S, AH KH QH JH 9H] => player2 wins - Flush 
[2S 3H 4C 5H 6S, 2H 3H 4H 5H 7H] => player2 wins - Flush 
[2S 3H 4C 5H 6S, AS KH QC JH TS] => player2 wins - high card:A 
[2S 3H 4C 5H 6S, 2S 3H 4C 5H 6S] => tie 
[2S 3H 4C 5H 6S, 3S 4H 5C 6H 7S] => player2 wins - high card:7 
[2S 3H 4C 5H 6S, AS AH AC KD QH] => player1 wins - Straight 
[2S 3H 4C 5H 6S, 2S 2H 2C 3D 4H] => player1 wins - Straight 
[2S 3H 4C 5H 6S, AS AH KS KH QS] => player1 wins - Straight 
[2S 3H 4C 5H 6S, 2S 2H 3S 3H 4S] => player1 wins - Straight 
[2S 3H 4C 5H 6S, 2S 2H 3S 3H 5S] => player1 wins - Straight 
[2S 3H 4C 5H 6S, AS AH KS QH JS] => player1 wins - Straight 
[2S 3H 4C 5H 6S, AS AH KS QH TS] => player1 wins - Straight 
[2S 3H 4C 5H 6S, 2S 2H 3S 4H 5S] => player1 wins - Straight 
[2S 3H 4C 5H 6S, AS KH QS JH 9S] => player1 wins - Straight 
[2S 3H 4C 5H 6S, 2S 3H 4S 5H 7S] => player1 wins - Straight 
[3S 4H 5C 6H 7S, AH KH QH JH TH] => player2 wins - StraightFlush 
[3S 4H 5C 6H 7S, 2H 3H 4H 5H 6H] => player2 wins - StraightFlush 
[3S 4H 5C 6H 7S, 3H 4H 5H 6H 7H] => player2 wins - StraightFlush 
[3S 4H 5C 6H 7S, AS AD AH AC KH] => player2 wins - FourOfAKind 
[3S 4H 5C 6H 7S, 2S 2D 2H 2C 3H] => player2 wins - FourOfAKind 
[3S 4H 5C 6H 7S, AS AD AH KC KH] => player2 wins - FullHouse 
[3S 4H 5C 6H 7S, 2S 2D 2H 3C 3H] => player2 wins - FullHouse 
[3S 4H 5C 6H 7S, AH KH QH JH 9H] => player2 wins - Flush 
[3S 4H 5C 6H 7S, 2H 3H 4H 5H 7H] => player2 wins - Flush 
[3S 4H 5C 6H 7S, AS KH QC JH TS] => player2 wins - high card:A 
[3S 4H 5C 6H 7S, 2S 3H 4C 5H 6S] => player1 wins - high card:7 
[3S 4H 5C 6H 7S, 3S 4H 5C 6H 7S] => tie 
[3S 4H 5C 6H 7S, AS AH AC KD QH] => player1 wins - Straight 
[3S 4H 5C 6H 7S, 2S 2H 2C 3D 4H] => player1 wins - Straight 
[3S 4H 5C 6H 7S, AS AH KS KH QS] => player1 wins - Straight 
[3S 4H 5C 6H 7S, 2S 2H 3S 3H 4S] => player1 wins - Straight 
[3S 4H 5C 6H 7S, 2S 2H 3S 3H 5S] => player1 wins - Straight 
[3S 4H 5C 6H 7S, AS AH KS QH JS] => player1 wins - Straight 
[3S 4H 5C 6H 7S, AS AH KS QH TS] => player1 wins - Straight 
[3S 4H 5C 6H 7S, 2S 2H 3S 4H 5S] => player1 wins - Straight 
[3S 4H 5C 6H 7S, AS KH QS JH 9S] => player1 wins - Straight 
[3S 4H 5C 6H 7S, 2S 3H 4S 5H 7S] => player1 wins - Straight 
[AS AH AC KD QH, AH KH QH JH TH] => player2 wins - StraightFlush 
[AS AH AC KD QH, 2H 3H 4H 5H 6H] => player2 wins - StraightFlush 
[AS AH AC KD QH, 3H 4H 5H 6H 7H] => player2 wins - StraightFlush 
[AS AH AC KD QH, AS AD AH AC KH] => player2 wins - FourOfAKind 
[AS AH AC KD QH, 2S 2D 2H 2C 3H] => player2 wins - FourOfAKind 
[AS AH AC KD QH, AS AD AH KC KH] => player2 wins - FullHouse 
[AS AH AC KD QH, 2S 2D 2H 3C 3H] => player2 wins - FullHouse 
[AS AH AC KD QH, AH KH QH JH 9H] => player2 wins - Flush 
[AS AH AC KD QH, 2H 3H 4H 5H 7H] => player2 wins - Flush 
[AS AH AC KD QH, AS KH QC JH TS] => player2 wins - Straight 
[AS AH AC KD QH, 2S 3H 4C 5H 6S] => player2 wins - Straight 
[AS AH AC KD QH, 3S 4H 5C 6H 7S] => player2 wins - Straight 
[AS AH AC KD QH, AS AH AC KD QH] => player1 wins - high card:A 
[AS AH AC KD QH, 2S 2H 2C 3D 4H] => player1 wins - high card:A 
[AS AH AC KD QH, AS AH KS KH QS] => player1 wins - ThreeOfAKind 
[AS AH AC KD QH, 2S 2H 3S 3H 4S] => player1 wins - ThreeOfAKind 
[AS AH AC KD QH, 2S 2H 3S 3H 5S] => player1 wins - ThreeOfAKind 
[AS AH AC KD QH, AS AH KS QH JS] => player1 wins - ThreeOfAKind 
[AS AH AC KD QH, AS AH KS QH TS] => player1 wins - ThreeOfAKind 
[AS AH AC KD QH, 2S 2H 3S 4H 5S] => player1 wins - ThreeOfAKind 
[AS AH AC KD QH, AS KH QS JH 9S] => player1 wins - ThreeOfAKind 
[AS AH AC KD QH, 2S 3H 4S 5H 7S] => player1 wins - ThreeOfAKind 
[2S 2H 2C 3D 4H, AH KH QH JH TH] => player2 wins - StraightFlush 
[2S 2H 2C 3D 4H, 2H 3H 4H 5H 6H] => player2 wins - StraightFlush 
[2S 2H 2C 3D 4H, 3H 4H 5H 6H 7H] => player2 wins - StraightFlush 
[2S 2H 2C 3D 4H, AS AD AH AC KH] => player2 wins - FourOfAKind 
[2S 2H 2C 3D 4H, 2S 2D 2H 2C 3H] => player2 wins - FourOfAKind 
[2S 2H 2C 3D 4H, AS AD AH KC KH] => player2 wins - FullHouse 
[2S 2H 2C 3D 4H, 2S 2D 2H 3C 3H] => player2 wins - FullHouse 
[2S 2H 2C 3D 4H, AH KH QH JH 9H] => player2 wins - Flush 
[2S 2H 2C 3D 4H, 2H 3H 4H 5H 7H] => player2 wins - Flush 
[2S 2H 2C 3D 4H, AS KH QC JH TS] => player2 wins - Straight 
[2S 2H 2C 3D 4H, 2S 3H 4C 5H 6S] => player2 wins - Straight 
[2S 2H 2C 3D 4H, 3S 4H 5C 6H 7S] => player2 wins - Straight 
[2S 2H 2C 3D 4H, AS AH AC KD QH] => player2 wins - high card:A 
[2S 2H 2C 3D 4H, 2S 2H 2C 3D 4H] => player1 wins - high card:2 
[2S 2H 2C 3D 4H, AS AH KS KH QS] => player1 wins - ThreeOfAKind 
[2S 2H 2C 3D 4H, 2S 2H 3S 3H 4S] => player1 wins - ThreeOfAKind 
[2S 2H 2C 3D 4H, 2S 2H 3S 3H 5S] => player1 wins - ThreeOfAKind 
[2S 2H 2C 3D 4H, AS AH KS QH JS] => player1 wins - ThreeOfAKind 
[2S 2H 2C 3D 4H, AS AH KS QH TS] => player1 wins - ThreeOfAKind 
[2S 2H 2C 3D 4H, 2S 2H 3S 4H 5S] => player1 wins - ThreeOfAKind 
[2S 2H 2C 3D 4H, AS KH QS JH 9S] => player1 wins - ThreeOfAKind 
[2S 2H 2C 3D 4H, 2S 3H 4S 5H 7S] => player1 wins - ThreeOfAKind 
[AS AH KS KH QS, AH KH QH JH TH] => player2 wins - StraightFlush 
[AS AH KS KH QS, 2H 3H 4H 5H 6H] => player2 wins - StraightFlush 
[AS AH KS KH QS, 3H 4H 5H 6H 7H] => player2 wins - StraightFlush 
[AS AH KS KH QS, AS AD AH AC KH] => player2 wins - FourOfAKind 
[AS AH KS KH QS, 2S 2D 2H 2C 3H] => player2 wins - FourOfAKind 
[AS AH KS KH QS, AS AD AH KC KH] => player2 wins - FullHouse 
[AS AH KS KH QS, 2S 2D 2H 3C 3H] => player2 wins - FullHouse 
[AS AH KS KH QS, AH KH QH JH 9H] => player2 wins - Flush 
[AS AH KS KH QS, 2H 3H 4H 5H 7H] => player2 wins - Flush 
[AS AH KS KH QS, AS KH QC JH TS] => player2 wins - Straight 
[AS AH KS KH QS, 2S 3H 4C 5H 6S] => player2 wins - Straight 
[AS AH KS KH QS, 3S 4H 5C 6H 7S] => player2 wins - Straight 
[AS AH KS KH QS, AS AH AC KD QH] => player2 wins - ThreeOfAKind 
[AS AH KS KH QS, 2S 2H 2C 3D 4H] => player2 wins - ThreeOfAKind 
[AS AH KS KH QS, AS AH KS KH QS] => tie 
[AS AH KS KH QS, 2S 2H 3S 3H 4S] => player1 wins - high card:A 
[AS AH KS KH QS, 2S 2H 3S 3H 5S] => player1 wins - high card:A 
[AS AH KS KH QS, AS AH KS QH JS] => player1 wins - TwoPair 
[AS AH KS KH QS, AS AH KS QH TS] => player1 wins - TwoPair 
[AS AH KS KH QS, 2S 2H 3S 4H 5S] => player1 wins - TwoPair 
[AS AH KS KH QS, AS KH QS JH 9S] => player1 wins - TwoPair 
[AS AH KS KH QS, 2S 3H 4S 5H 7S] => player1 wins - TwoPair 
[2S 2H 3S 3H 4S, AH KH QH JH TH] => player2 wins - StraightFlush 
[2S 2H 3S 3H 4S, 2H 3H 4H 5H 6H] => player2 wins - StraightFlush 
[2S 2H 3S 3H 4S, 3H 4H 5H 6H 7H] => player2 wins - StraightFlush 
[2S 2H 3S 3H 4S, AS AD AH AC KH] => player2 wins - FourOfAKind 
[2S 2H 3S 3H 4S, 2S 2D 2H 2C 3H] => player2 wins - FourOfAKind 
[2S 2H 3S 3H 4S, AS AD AH KC KH] => player2 wins - FullHouse 
[2S 2H 3S 3H 4S, 2S 2D 2H 3C 3H] => player2 wins - FullHouse 
[2S 2H 3S 3H 4S, AH KH QH JH 9H] => player2 wins - Flush 
[2S 2H 3S 3H 4S, 2H 3H 4H 5H 7H] => player2 wins - Flush 
[2S 2H 3S 3H 4S, AS KH QC JH TS] => player2 wins - Straight 
[2S 2H 3S 3H 4S, 2S 3H 4C 5H 6S] => player2 wins - Straight 
[2S 2H 3S 3H 4S, 3S 4H 5C 6H 7S] => player2 wins - Straight 
[2S 2H 3S 3H 4S, AS AH AC KD QH] => player2 wins - ThreeOfAKind 
[2S 2H 3S 3H 4S, 2S 2H 2C 3D 4H] => player2 wins - ThreeOfAKind 
[2S 2H 3S 3H 4S, AS AH KS KH QS] => player2 wins - high card:A 
[2S 2H 3S 3H 4S, 2S 2H 3S 3H 4S] => tie 
[2S 2H 3S 3H 4S, 2S 2H 3S 3H 5S] => player2 wins - high card:5 
[2S 2H 3S 3H 4S, AS AH KS QH JS] => player1 wins - TwoPair 
[2S 2H 3S 3H 4S, AS AH KS QH TS] => player1 wins - TwoPair 
[2S 2H 3S 3H 4S, 2S 2H 3S 4H 5S] => player1 wins - TwoPair 
[2S 2H 3S 3H 4S, AS KH QS JH 9S] => player1 wins - TwoPair 
[2S 2H 3S 3H 4S, 2S 3H 4S 5H 7S] => player1 wins - TwoPair 
[2S 2H 3S 3H 5S, AH KH QH JH TH] => player2 wins - StraightFlush 
[2S 2H 3S 3H 5S, 2H 3H 4H 5H 6H] => player2 wins - StraightFlush 
[2S 2H 3S 3H 5S, 3H 4H 5H 6H 7H] => player2 wins - StraightFlush 
[2S 2H 3S 3H 5S, AS AD AH AC KH] => player2 wins - FourOfAKind 
[2S 2H 3S 3H 5S, 2S 2D 2H 2C 3H] => player2 wins - FourOfAKind 
[2S 2H 3S 3H 5S, AS AD AH KC KH] => player2 wins - FullHouse 
[2S 2H 3S 3H 5S, 2S 2D 2H 3C 3H] => player2 wins - FullHouse 
[2S 2H 3S 3H 5S, AH KH QH JH 9H] => player2 wins - Flush 
[2S 2H 3S 3H 5S, 2H 3H 4H 5H 7H] => player2 wins - Flush 
[2S 2H 3S 3H 5S, AS KH QC JH TS] => player2 wins - Straight 
[2S 2H 3S 3H 5S, 2S 3H 4C 5H 6S] => player2 wins - Straight 
[2S 2H 3S 3H 5S, 3S 4H 5C 6H 7S] => player2 wins - Straight 
[2S 2H 3S 3H 5S, AS AH AC KD QH] => player2 wins - ThreeOfAKind 
[2S 2H 3S 3H 5S, 2S 2H 2C 3D 4H] => player2 wins - ThreeOfAKind 
[2S 2H 3S 3H 5S, AS AH KS KH QS] => player2 wins - high card:A 
[2S 2H 3S 3H 5S, 2S 2H 3S 3H 4S] => player1 wins - high card:5 
[2S 2H 3S 3H 5S, 2S 2H 3S 3H 5S] => tie 
[2S 2H 3S 3H 5S, AS AH KS QH JS] => player1 wins - TwoPair 
[2S 2H 3S 3H 5S, AS AH KS QH TS] => player1 wins - TwoPair 
[2S 2H 3S 3H 5S, 2S 2H 3S 4H 5S] => player1 wins - TwoPair 
[2S 2H 3S 3H 5S, AS KH QS JH 9S] => player1 wins - TwoPair 
[2S 2H 3S 3H 5S, 2S 3H 4S 5H 7S] => player1 wins - TwoPair 
[AS AH KS QH JS, AH KH QH JH TH] => player2 wins - StraightFlush 
[AS AH KS QH JS, 2H 3H 4H 5H 6H] => player2 wins - StraightFlush 
[AS AH KS QH JS, 3H 4H 5H 6H 7H] => player2 wins - StraightFlush 
[AS AH KS QH JS, AS AD AH AC KH] => player2 wins - FourOfAKind 
[AS AH KS QH JS, 2S 2D 2H 2C 3H] => player2 wins - FourOfAKind 
[AS AH KS QH JS, AS AD AH KC KH] => player2 wins - FullHouse 
[AS AH KS QH JS, 2S 2D 2H 3C 3H] => player2 wins - FullHouse 
[AS AH KS QH JS, AH KH QH JH 9H] => player2 wins - Flush 
[AS AH KS QH JS, 2H 3H 4H 5H 7H] => player2 wins - Flush 
[AS AH KS QH JS, AS KH QC JH TS] => player2 wins - Straight 
[AS AH KS QH JS, 2S 3H 4C 5H 6S] => player2 wins - Straight 
[AS AH KS QH JS, 3S 4H 5C 6H 7S] => player2 wins - Straight 
[AS AH KS QH JS, AS AH AC KD QH] => player2 wins - ThreeOfAKind 
[AS AH KS QH JS, 2S 2H 2C 3D 4H] => player2 wins - ThreeOfAKind 
[AS AH KS QH JS, AS AH KS KH QS] => player2 wins - TwoPair 
[AS AH KS QH JS, 2S 2H 3S 3H 4S] => player2 wins - TwoPair 
[AS AH KS QH JS, 2S 2H 3S 3H 5S] => player2 wins - TwoPair 
[AS AH KS QH JS, AS AH KS QH JS] => tie 
[AS AH KS QH JS, AS AH KS QH TS] => player1 wins - high card:J 
[AS AH KS QH JS, 2S 2H 3S 4H 5S] => player1 wins - high card:A 
[AS AH KS QH JS, AS KH QS JH 9S] => player1 wins - OnePair 
[AS AH KS QH JS, 2S 3H 4S 5H 7S] => player1 wins - OnePair 
[AS AH KS QH TS, AH KH QH JH TH] => player2 wins - StraightFlush 
[AS AH KS QH TS, 2H 3H 4H 5H 6H] => player2 wins - StraightFlush 
[AS AH KS QH TS, 3H 4H 5H 6H 7H] => player2 wins - StraightFlush 
[AS AH KS QH TS, AS AD AH AC KH] => player2 wins - FourOfAKind 
[AS AH KS QH TS, 2S 2D 2H 2C 3H] => player2 wins - FourOfAKind 
[AS AH KS QH TS, AS AD AH KC KH] => player2 wins - FullHouse 
[AS AH KS QH TS, 2S 2D 2H 3C 3H] => player2 wins - FullHouse 
[AS AH KS QH TS, AH KH QH JH 9H] => player2 wins - Flush 
[AS AH KS QH TS, 2H 3H 4H 5H 7H] => player2 wins - Flush 
[AS AH KS QH TS, AS KH QC JH TS] => player2 wins - Straight 
[AS AH KS QH TS, 2S 3H 4C 5H 6S] => player2 wins - Straight 
[AS AH KS QH TS, 3S 4H 5C 6H 7S] => player2 wins - Straight 
[AS AH KS QH TS, AS AH AC KD QH] => player2 wins - ThreeOfAKind 
[AS AH KS QH TS, 2S 2H 2C 3D 4H] => player2 wins - ThreeOfAKind 
[AS AH KS QH TS, AS AH KS KH QS] => player2 wins - TwoPair 
[AS AH KS QH TS, 2S 2H 3S 3H 4S] => player2 wins - TwoPair 
[AS AH KS QH TS, 2S 2H 3S 3H 5S] => player2 wins - TwoPair 
[AS AH KS QH TS, AS AH KS QH JS] => player2 wins - high card:J 
[AS AH KS QH TS, AS AH KS QH TS] => tie 
[AS AH KS QH TS, 2S 2H 3S 4H 5S] => player1 wins - high card:A 
[AS AH KS QH TS, AS KH QS JH 9S] => player1 wins - OnePair 
[AS AH KS QH TS, 2S 3H 4S 5H 7S] => player1 wins - OnePair 
[2S 2H 3S 4H 5S, AH KH QH JH TH] => player2 wins - StraightFlush 
[2S 2H 3S 4H 5S, 2H 3H 4H 5H 6H] => player2 wins - StraightFlush 
[2S 2H 3S 4H 5S, 3H 4H 5H 6H 7H] => player2 wins - StraightFlush 
[2S 2H 3S 4H 5S, AS AD AH AC KH] => player2 wins - FourOfAKind 
[2S 2H 3S 4H 5S, 2S 2D 2H 2C 3H] => player2 wins - FourOfAKind 
[2S 2H 3S 4H 5S, AS AD AH KC KH] => player2 wins - FullHouse 
[2S 2H 3S 4H 5S, 2S 2D 2H 3C 3H] => player2 wins - FullHouse 
[2S 2H 3S 4H 5S, AH KH QH JH 9H] => player2 wins - Flush 
[2S 2H 3S 4H 5S, 2H 3H 4H 5H 7H] => player2 wins - Flush 
[2S 2H 3S 4H 5S, AS KH QC JH TS] => player2 wins - Straight 
[2S 2H 3S 4H 5S, 2S 3H 4C 5H 6S] => player2 wins - Straight 
[2S 2H 3S 4H 5S, 3S 4H 5C 6H 7S] => player2 wins - Straight 
[2S 2H 3S 4H 5S, AS AH AC KD QH] => player2 wins - ThreeOfAKind 
[2S 2H 3S 4H 5S, 2S 2H 2C 3D 4H] => player2 wins - ThreeOfAKind 
[2S 2H 3S 4H 5S, AS AH KS KH QS] => player2 wins - TwoPair 
[2S 2H 3S 4H 5S, 2S 2H 3S 3H 4S] => player2 wins - TwoPair 
[2S 2H 3S 4H 5S, 2S 2H 3S 3H 5S] => player2 wins - TwoPair 
[2S 2H 3S 4H 5S, AS AH KS QH JS] => player2 wins - high card:A 
[2S 2H 3S 4H 5S, AS AH KS QH TS] => player2 wins - high card:A 
[2S 2H 3S 4H 5S, 2S 2H 3S 4H 5S] => tie 
[2S 2H 3S 4H 5S, AS KH QS JH 9S] => player1 wins - OnePair 
[2S 2H 3S 4H 5S, 2S 3H 4S 5H 7S] => player1 wins - OnePair 
[AS KH QS JH 9S, AH KH QH JH TH] => player2 wins - StraightFlush 
[AS KH QS JH 9S, 2H 3H 4H 5H 6H] => player2 wins - StraightFlush 
[AS KH QS JH 9S, 3H 4H 5H 6H 7H] => player2 wins - StraightFlush 
[AS KH QS JH 9S, AS AD AH AC KH] => player2 wins - FourOfAKind 
[AS KH QS JH 9S, 2S 2D 2H 2C 3H] => player2 wins - FourOfAKind 
[AS KH QS JH 9S, AS AD AH KC KH] => player2 wins - FullHouse 
[AS KH QS JH 9S, 2S 2D 2H 3C 3H] => player2 wins - FullHouse 
[AS KH QS JH 9S, AH KH QH JH 9H] => player2 wins - Flush 
[AS KH QS JH 9S, 2H 3H 4H 5H 7H] => player2 wins - Flush 
[AS KH QS JH 9S, AS KH QC JH TS] => player2 wins - Straight 
[AS KH QS JH 9S, 2S 3H 4C 5H 6S] => player2 wins - Straight 
[AS KH QS JH 9S, 3S 4H 5C 6H 7S] => player2 wins - Straight 
[AS KH QS JH 9S, AS AH AC KD QH] => player2 wins - ThreeOfAKind 
[AS KH QS JH 9S, 2S 2H 2C 3D 4H] => player2 wins - ThreeOfAKind 
[AS KH QS JH 9S, AS AH KS KH QS] => player2 wins - TwoPair 
[AS KH QS JH 9S, 2S 2H 3S 3H 4S] => player2 wins - TwoPair 
[AS KH QS JH 9S, 2S 2H 3S 3H 5S] => player2 wins - TwoPair 
[AS KH QS JH 9S, AS AH KS QH JS] => player2 wins - OnePair 
[AS KH QS JH 9S, AS AH KS QH TS] => player2 wins - OnePair 
[AS KH QS JH 9S, 2S 2H 3S 4H 5S] => player2 wins - OnePair 
[AS KH QS JH 9S, AS KH QS JH 9S] => tie 
[AS KH QS JH 9S, 2S 3H 4S 5H 7S] => player1 wins - high card:A 
[2S 3H 4S 5H 7S, AH KH QH JH TH] => player2 wins - StraightFlush 
[2S 3H 4S 5H 7S, 2H 3H 4H 5H 6H] => player2 wins - StraightFlush 
[2S 3H 4S 5H 7S, 3H 4H 5H 6H 7H] => player2 wins - StraightFlush 
[2S 3H 4S 5H 7S, AS AD AH AC KH] => player2 wins - FourOfAKind 
[2S 3H 4S 5H 7S, 2S 2D 2H 2C 3H] => player2 wins - FourOfAKind 
[2S 3H 4S 5H 7S, AS AD AH KC KH] => player2 wins - FullHouse 
[2S 3H 4S 5H 7S, 2S 2D 2H 3C 3H] => player2 wins - FullHouse 
[2S 3H 4S 5H 7S, AH KH QH JH 9H] => player2 wins - Flush 
[2S 3H 4S 5H 7S, 2H 3H 4H 5H 7H] => player2 wins - Flush 
[2S 3H 4S 5H 7S, AS KH QC JH TS] => player2 wins - Straight 
[2S 3H 4S 5H 7S, 2S 3H 4C 5H 6S] => player2 wins - Straight 
[2S 3H 4S 5H 7S, 3S 4H 5C 6H 7S] => player2 wins - Straight 
[2S 3H 4S 5H 7S, AS AH AC KD QH] => player2 wins - ThreeOfAKind 
[2S 3H 4S 5H 7S, 2S 2H 2C 3D 4H] => player2 wins - ThreeOfAKind 
[2S 3H 4S 5H 7S, AS AH KS KH QS] => player2 wins - TwoPair 
[2S 3H 4S 5H 7S, 2S 2H 3S 3H 4S] => player2 wins - TwoPair 
[2S 3H 4S 5H 7S, 2S 2H 3S 3H 5S] => player2 wins - TwoPair 
[2S 3H 4S 5H 7S, AS AH KS QH JS] => player2 wins - OnePair 
[2S 3H 4S 5H 7S, AS AH KS QH TS] => player2 wins - OnePair 
[2S 3H 4S 5H 7S, 2S 2H 3S 4H 5S] => player2 wins - OnePair 
[2S 3H 4S 5H 7S, AS KH QS JH 9S] => player2 wins - high card:A 
[2S 3H 4S 5H 7S, 2S 3H 4S 5H 7S] => tie 
